123abcdefghijklmn
a123bcdefghijklmn
ab123cdefghijklmn
abc123defghijklmn
abcd123efghijklmn
abcde123fghijklmn
abcdef123ghijklmn
abcdefg123hijklmn
abcdefgh123ijklmn
abcdefghi123jklmn
abcdefghij123klmn
abcdefghijk123lmn
abcdefghijkl123mn
abcdefghijklm123n
abcdefghijklmn123

1234abcdefghijklmn
a1234bcdefghijklmn
ab1234cdefghijklmn
abc1234defghijklmn
abcd1234efghijklmn
abcde1234fghijklmn
abcdef1234ghijklmn
abcdefg1234hijklmn
abcdefgh1234ijklmn
abcdefghi1234jklmn
abcdefghij1234klmn
abcdefghijk1234lmn
abcdefghijkl1234mn
abcdefghijklm1234n
abcdefghijklmn1234

1234567abcdefghijklmn
a1234567bcdefghijklmn
ab1234567cdefghijklmn
abc1234567defghijklmn
abcd1234567efghijklmn
abcde1234567fghijklmn
abcdef1234567ghijklmn
abcdefg1234567hijklmn
abcdefgh1234567ijklmn
abcdefghi1234567jklmn
abcdefghij1234567klmn
abcdefghijk1234567lmn
abcdefghijkl1234567mn
abcdefghijklm1234567n
abcdefghijklmn1234567

0abcdefghijklmn
a0bcdefghijklmn
ab0cdefghijklmn
abc0defghijklmn
abcd0efghijklmn
abcde0fghijklmn
abcdef0ghijklmn
abcdefg0hijklmn
abcdefgh0ijklmn
abcdefghi0jklmn
abcdefghij0klmn
abcdefghijk0lmn
abcdefghijkl0mn
abcdefghijklm0n
abcdefghijklmn0

!?abcdefghijklmn
a!?bcdefghijklmn
ab!?cdefghijklmn
abc!?defghijklmn
abcd!?efghijklmn
abcde!?fghijklmn
abcdef!?ghijklmn
abcdefg!?hijklmn
abcdefgh!?ijklmn
abcdefghi!?jklmn
abcdefghij!?klmn
abcdefghijk!?lmn
abcdefghijkl!?mn
abcdefghijklm!?n
abcdefghijklmn!?

