bcdefghijklmn
acdefghijklmn
abdefghijklmn
abcefghijklmn
abcdfghijklmn
abcdeghijklmn
abcdefhijklmn
abcdefgijklmn
abcdefghjklmn
abcdefghiklmn
abcdefghijlmn
abcdefghijkmn
abcdefghijkln
abcdefghijklm

cdefghijklmn
adefghijklmn
abefghijklmn
abcfghijklmn
abcdghijklmn
abcdehijklmn
abcdefijklmn
abcdefgjklmn
abcdefghklmn
abcdefghilmn
abcdefghijmn
abcdefghijkn
abcdefghijkl
abcdefghijklm

defghijklmn
aefghijklmn
abfghijklmn
abcghijklmn
abcdhijklmn
abcdeijklmn
abcdefjklmn
abcdefgklmn
abcdefghlmn
abcdefghimn
abcdefghijn
abcdefghijk
abcdefghijkl
abcdefghijklm

efghijklmn
afghijklmn
abghijklmn
abchijklmn
abcdijklmn
abcdejklmn
abcdefklmn
abcdefglmn
abcdefghmn
abcdefghin
abcdefghij
abcdefghijk
abcdefghijkl
abcdefghijklm

fghijklmn
aghijklmn
abhijklmn
abcijklmn
abcdjklmn
abcdeklmn
abcdeflmn
abcdefgmn
abcdefghn
abcdefghi
abcdefghij
abcdefghijk
abcdefghijkl
abcdefghijklm

ghijklmn
ahijklmn
abijklmn
abcjklmn
abcdklmn
abcdelmn
abcdefmn
abcdefgn
abcdefgh
abcdefghi
abcdefghij
abcdefghijk
abcdefghijkl
abcdefghijklm

hijklmn
aijklmn
abjklmn
abcklmn
abcdlmn
abcdemn
abcdefn
abcdefg
abcdefgh
abcdefghi
abcdefghij
abcdefghijk
abcdefghijkl
abcdefghijklm

ijklmn
ajklmn
abklmn
abclmn
abcdmn
abcden
abcdef
abcdefg
abcdefgh
abcdefghi
abcdefghij
abcdefghijk
abcdefghijkl
abcdefghijklm

jklmn
aklmn
ablmn
abcmn
abcdn
abcde
abcdef
abcdefg
abcdefgh
abcdefghi
abcdefghij
abcdefghijk
abcdefghijkl
abcdefghijklm

klmn
almn
abmn
abcn
abcd
abcde
abcdef
abcdefg
abcdefgh
abcdefghi
abcdefghij
abcdefghijk
abcdefghijkl
abcdefghijklm

lmn
amn
abn
abc
abcd
abcde
abcdef
abcdefg
abcdefgh
abcdefghi
abcdefghij
abcdefghijk
abcdefghijkl
abcdefghijklm

mn
an
ab
abc
abcd
abcde
abcdef
abcdefg
abcdefgh
abcdefghi
abcdefghij
abcdefghijk
abcdefghijkl
abcdefghijklm

n
a
ab
abc
abcd
abcde
abcdef
abcdefg
abcdefgh
abcdefghi
abcdefghij
abcdefghijk
abcdefghijkl
abcdefghijklm

