Character at index 0 is a
Character at index 1 is b
Character at index 2 is c
Character at index 3 is d
Character at index 4 is e
Character at index 5 is f
Character at index 6 is g
Character at index 7 is h
Character at index 8 is i
Character at index 9 is j
Character at index 10 is k
Character at index 11 is l
Character at index 12 is m
Character at index 13 is n
